[credesign.vercel.app/multiPage/index4.html]
[backblue.gif]
[fade.gif]
[index.html]
[credesign.vercel.app/multiPage/img/favicon.ico]
[credesign.vercel.app/multiPage/css/bootstrap.min.css]
[credesign.vercel.app/multiPage/css/magnific-popup.css]
[credesign.vercel.app/multiPage/css/owl.carousel.css]
[credesign.vercel.app/multiPage/css/owl.theme.default.min.css]
[credesign.vercel.app/multiPage/css/meanmenu.min.css]
[credesign.vercel.app/multiPage/css/jquery.animatedheadline.css]
[credesign.vercel.app/multiPage/css/all.min.css]
[credesign.vercel.app/multiPage/css/aos.css]
[credesign.vercel.app/multiPage/css/normalize.css]
[credesign.vercel.app/multiPage/css/style.css]
[credesign.vercel.app/multiPage/css/responsive.css]
[credesign.vercel.app/multiPage/index.html]
[credesign.vercel.app/multiPage/index2.html]
[credesign.vercel.app/multiPage/index3.html]
[credesign.vercel.app/multiPage/about.html]
[credesign.vercel.app/multiPage/services.html]
[credesign.vercel.app/multiPage/servicesTwo.html]
[credesign.vercel.app/multiPage/servicesDetails.html]
[credesign.vercel.app/multiPage/resume.html]
[credesign.vercel.app/multiPage/portfolio.html]
[credesign.vercel.app/multiPage/PortfolioFullWidth.html]
[credesign.vercel.app/multiPage/portfolioTwo.html]
[credesign.vercel.app/multiPage/portfolioTwoFullWidth.html]
[credesign.vercel.app/multiPage/portfolioThree.html]
[credesign.vercel.app/multiPage/portfolioThreeFullWidth.html]
[credesign.vercel.app/multiPage/portfolioDetails.html]
[credesign.vercel.app/multiPage/blog.html]
[credesign.vercel.app/multiPage/blogFullWidth.html]
[credesign.vercel.app/multiPage/blogTwo.html]
[credesign.vercel.app/multiPage/blogTwoFullWidth.html]
[credesign.vercel.app/multiPage/blogThree.html]
[credesign.vercel.app/multiPage/blogThreeFullWidth.html]
[credesign.vercel.app/multiPage/blogDetails.html]
[credesign.vercel.app/multiPage/contact.html]
[credesign.vercel.app/multiPage/img/Logo.png]
[credesign.vercel.app/multiPage/img/orangeDot.png]
[credesign.vercel.app/multiPage/img/particleOne.png]
[credesign.vercel.app/multiPage/img/particleTwo.png]
[credesign.vercel.app/multiPage/img/homeNannerShape.png]
[credesign.vercel.app/multiPage/img/bannerImg.png]
[credesign.vercel.app/multiPage/img/recentSix.png]
[credesign.vercel.app/multiPage/img/recentSeven.png]
[credesign.vercel.app/multiPage/img/recentEight.png]
[credesign.vercel.app/multiPage/img/recentNine.png]
[credesign.vercel.app/multiPage/img/recentTen.png]
[credesign.vercel.app/multiPage/img/aboutThree.png]
[credesign.vercel.app/multiPage/img/circleShape.png]
[credesign.vercel.app/multiPage/img/aboutThreeLineShape.png]
[credesign.vercel.app/multiPage/img/serviceSlideOne.png]
[credesign.vercel.app/multiPage/img/serviceSlideTwo.png]
[credesign.vercel.app/multiPage/img/serviceSlideThree.png]
[credesign.vercel.app/multiPage/img/testimonialFour.png]
[credesign.vercel.app/multiPage/img/clientOne.png]
[credesign.vercel.app/multiPage/img/clientTwo.png]
[credesign.vercel.app/multiPage/img/clientThree.png]
[credesign.vercel.app/multiPage/img/clientFour.png]
[credesign.vercel.app/multiPage/img/partnerLogoOne.png]
[credesign.vercel.app/multiPage/img/partnerLogoTwo.png]
[credesign.vercel.app/multiPage/img/partnerLogoThree.png]
[credesign.vercel.app/multiPage/img/partnerLogoFour.png]
[credesign.vercel.app/multiPage/img/partnerLogoFive.png]
[credesign.vercel.app/multiPage/img/partnerLogoSix.png]
[credesign.vercel.app/multiPage/img/contactThreeImg.png]
[credesign.vercel.app/multiPage/img/blogSeven.png]
[credesign.vercel.app/multiPage/img/timeIcon.png]
[credesign.vercel.app/multiPage/img/blogEight.png]
[credesign.vercel.app/multiPage/img/blogNine.png]
[credesign.vercel.app/multiPage/img/send.png]
[credesign.vercel.app/multiPage/js/jquery-3.6.4.min.js]
[credesign.vercel.app/multiPage/js/bootstrap.min.js]
[credesign.vercel.app/multiPage/js/jquery.magnific-popup.min.js]
[credesign.vercel.app/multiPage/js/owl.carousel.min.js]
[credesign.vercel.app/multiPage/js/jquery.meanmenu.js]
[credesign.vercel.app/multiPage/js/jquery.lineProgressbar.js]
[credesign.vercel.app/multiPage/js/multi-animated-counter.js]
[credesign.vercel.app/multiPage/js/onepageNav.js]
[credesign.vercel.app/multiPage/js/all.min.js]
[credesign.vercel.app/multiPage/js/aos.js]
[credesign.vercel.app/multiPage/js/jquery.animatedheadline.min.js]
[credesign.vercel.app/multiPage/js/mixitup.min.js]
[credesign.vercel.app/multiPage/js/jquery.waypoints.min.js]
[credesign.vercel.app/multiPage/js/jquery.counterup.min.js]
[credesign.vercel.app/multiPage/index4.html]
[credesign.vercel.app/multiPage/css/bootstrap.min.css]
[credesign.vercel.app/multiPage/css/magnific-popup.css]
[credesign.vercel.app/multiPage/js/main.js]
[credesign.vercel.app/multiPage/css/owl.video.play.png]
[credesign.vercel.app/multiPage/css/owl.carousel.css]
[credesign.vercel.app/multiPage/css/owl.theme.default.min.css]
[credesign.vercel.app/multiPage/css/meanmenu.min.css]
[credesign.vercel.app/multiPage/css/jquery.animatedheadline.css]
[credesign.vercel.app/multiPage/css/jquery.lineProgressbar.css]
[credesign.vercel.app/multiPage/webfonts/fa-brands-400.woff2]
[credesign.vercel.app/multiPage/webfonts/fa-brands-400.ttf]
[credesign.vercel.app/multiPage/webfonts/fa-regular-400.woff2]
[credesign.vercel.app/multiPage/webfonts/fa-regular-400.ttf]
[credesign.vercel.app/multiPage/webfonts/fa-solid-900.woff2]
[credesign.vercel.app/multiPage/webfonts/fa-solid-900.ttf]
[credesign.vercel.app/multiPage/webfonts/fa-v4compatibility.woff2]
[credesign.vercel.app/multiPage/css/all.min.css]
[credesign.vercel.app/multiPage/css/aos.css]
[credesign.vercel.app/multiPage/css/normalize.css]
[credesign.vercel.app/multiPage/webfonts/fa-v4compatibility.ttf]
[credesign.vercel.app/multiPage/img/homeBannerFourBg.png]
[credesign.vercel.app/multiPage/img/conactCtaBg.png]
[credesign.vercel.app/multiPage/img/innerPageHeroBg.png]
[credesign.vercel.app/multiPage/css/style.css]
[credesign.vercel.app/multiPage/css/responsive.css]
[credesign.vercel.app/multiPage/css/imgal.min.css]
[credesign.vercel.app/multiPage/img/about.png]
[credesign.vercel.app/multiPage/img/aboutIconOne.png]
[credesign.vercel.app/multiPage/img/aboutIconTwo.png]
[credesign.vercel.app/multiPage/img/serviceOne.png]
[credesign.vercel.app/multiPage/img/serviceTwo.png]
[credesign.vercel.app/multiPage/img/serviceThree.png]
[credesign.vercel.app/multiPage/img/serviceFour.png]
[credesign.vercel.app/multiPage/img/serviceFive.png]
[credesign.vercel.app/multiPage/img/serviceSix.png]
[credesign.vercel.app/multiPage/img/serviceSeven.png]
[credesign.vercel.app/multiPage/img/serviceEight.png]
[credesign.vercel.app/multiPage/img/testimonialOne.png]
[credesign.vercel.app/multiPage/img/testimonialTwo.png]
[credesign.vercel.app/multiPage/img/testimonialThree.png]
[credesign.vercel.app/multiPage/img/portfolioOne.png]
[credesign.vercel.app/multiPage/img/portfolioTwo.png]
[credesign.vercel.app/multiPage/img/portfolioThree.png]
[credesign.vercel.app/multiPage/img/portfolioFour.png]
[credesign.vercel.app/multiPage/img/portfolioFive.png]
[credesign.vercel.app/multiPage/img/portfolioSix.png]
[credesign.vercel.app/multiPage/img/portfolioSeven.png]
[credesign.vercel.app/multiPage/img/portfolioEight.png]
[credesign.vercel.app/multiPage/img/partnerOne.png]
[credesign.vercel.app/multiPage/img/partnerTwo.png]
[credesign.vercel.app/multiPage/img/partnerThree.png]
[credesign.vercel.app/multiPage/img/partnerFour.png]
[credesign.vercel.app/multiPage/img/partnerFive.png]
[credesign.vercel.app/multiPage/img/blogOne.png]
[credesign.vercel.app/multiPage/img/blogTwo.png]
[credesign.vercel.app/multiPage/img/blogThree.png]
[credesign.vercel.app/multiPage/img/LogoWhite.png]
[credesign.vercel.app/multiPage/termsandconditions.html]
[credesign.vercel.app/multiPage/index.html]
[credesign.vercel.app/multiPage/privacypolicy.html]
[credesign.vercel.app/multiPage/img/heroThree.png]
[credesign.vercel.app/multiPage/img/Badge.png]
[credesign.vercel.app/multiPage/img/portfolioslideOne.png]
[credesign.vercel.app/multiPage/img/portfolioslideTwo.png]
[credesign.vercel.app/multiPage/img/portfolioslideThree.png]
[credesign.vercel.app/multiPage/img/portfolioslideFour.png]
[credesign.vercel.app/multiPage/img/portfolioslideFive.png]
[credesign.vercel.app/multiPage/img/portfolioslideSix.png]
[credesign.vercel.app/multiPage/img/blogFour.png]
[credesign.vercel.app/multiPage/img/blogFive.png]
[credesign.vercel.app/multiPage/index2.html]
[credesign.vercel.app/multiPage/img/blogSix.png]
[credesign.vercel.app/multiPage/img/homeBannerFourImg.png]
[credesign.vercel.app/multiPage/img/FigmaShape.png]
[credesign.vercel.app/multiPage/img/ExperienceShape.png]
[credesign.vercel.app/multiPage/img/SketchShape.png]
[credesign.vercel.app/multiPage/img/aboutFourImg.png]
[credesign.vercel.app/multiPage/img/aboutFourCirclle.png]
[credesign.vercel.app/multiPage/img/aboutFourLineBg.png]
[credesign.vercel.app/multiPage/img/serviceNine.png]
[credesign.vercel.app/multiPage/img/serviceTen.png]
[credesign.vercel.app/multiPage/img/serviceEleven.png]
[credesign.vercel.app/multiPage/img/serviceTwelve.png]
[credesign.vercel.app/multiPage/img/Sketch.png]
[credesign.vercel.app/multiPage/img/figmaLogo.png]
[credesign.vercel.app/multiPage/img/XD.png]
[credesign.vercel.app/multiPage/img/Photoshop.png]
[credesign.vercel.app/multiPage/img/HTML.png]
[credesign.vercel.app/multiPage/img/invision.png]
[credesign.vercel.app/multiPage/img/tabLogoOne.png]
[credesign.vercel.app/multiPage/img/tabLogoTwo.png]
[credesign.vercel.app/multiPage/index3.html]
[credesign.vercel.app/multiPage/img/tabLogoThree.png]
[credesign.vercel.app/multiPage/img/aboutTwo.png]
[credesign.vercel.app/multiPage/img/homeTwoAboutCircle.png]
[credesign.vercel.app/multiPage/about.html]
[credesign.vercel.app/multiPage/services.html]
[credesign.vercel.app/multiPage/servicesTwo.html]
[credesign.vercel.app/multiPage/servicesDetails.html]
[credesign.vercel.app/multiPage/resume.html]
[credesign.vercel.app/multiPage/portfolio.html]
[credesign.vercel.app/multiPage/PortfolioFullWidth.html]
[credesign.vercel.app/multiPage/img/recentOne.png]
[credesign.vercel.app/multiPage/img/recentTwo.png]
[credesign.vercel.app/multiPage/img/recentThree.png]
[credesign.vercel.app/multiPage/img/recentFour.png]
[credesign.vercel.app/multiPage/img/recentFive.png]
[credesign.vercel.app/multiPage/portfolioTwo.html]
[credesign.vercel.app/multiPage/portfolioTwoFullWidth.html]
[credesign.vercel.app/multiPage/portfolioThree.html]
[credesign.vercel.app/multiPage/portfolioThreeFullWidth.html]
[credesign.vercel.app/multiPage/portfolioDetails.html]
[credesign.vercel.app/multiPage/img/blogEleven.png]
[credesign.vercel.app/multiPage/img/blogTwelve.png]
[credesign.vercel.app/multiPage/img/blogThirteen.png]
[credesign.vercel.app/multiPage/img/blogFourteen.png]
[credesign.vercel.app/multiPage/img/blogFifteen.png]
[credesign.vercel.app/multiPage/img/blogSixteen.png]
[credesign.vercel.app/multiPage/blog.html]
[credesign.vercel.app/multiPage/blogFullWidth.html]
[credesign.vercel.app/multiPage/blogTwo.html]
[credesign.vercel.app/multiPage/blogTwoFullWidth.html]
[credesign.vercel.app/multiPage/blogThree.html]
[credesign.vercel.app/multiPage/blogThreeFullWidth.html]
[credesign.vercel.app/multiPage/img/singleBlogFeatured.png]
[credesign.vercel.app/multiPage/img/quotation.png]
[credesign.vercel.app/multiPage/img/shareBlog.png]
[credesign.vercel.app/multiPage/img/commenterOne.png]
[credesign.vercel.app/multiPage/img/replyerOne.png]
[credesign.vercel.app/multiPage/img/commenterTwo.png]
[credesign.vercel.app/multiPage/img/replyerTwo.png]
[credesign.vercel.app/multiPage/blogDetails.html]
[credesign.vercel.app/multiPage/img/contactPageImg.png]
[credesign.vercel.app/multiPage/contact.html]
[credesign.vercel.app/multiPage/css/owl.video.play.html]
[credesign.vercel.app/multiPage/css/imgal.min.css]
[credesign.vercel.app/multiPage/termsandconditions.html]
[credesign.vercel.app/multiPage/privacypolicy.html]
